71.166.182.216 - - [07/Feb/2019:08:59:54 -0600] "GET /js/mdb.min.js HTTP/1.1" 200 117396 "https://heritagetitlemd.com/locations.html" "Mozilla/5.0 (Windows NT 10.0; WOW64; rv:64.0) Gecko/20100101 Firefox/64.0"
71.166.182.216 - - [07/Feb/2019:08:59:54 -0600] "GET /css/mdb.css HTTP/1.1" 200 62216 "https://heritagetitlemd.com/locations.html" "Mozilla/5.0 (Windows NT 10.0; WOW64; rv:64.0) Gecko/20100101 Firefox/64.0"
71.166.182.216 - - [07/Feb/2019:08:59:55 -0600] "GET /img/custom/nav/logo-web.png HTTP/1.1" 200 10322 "https://heritagetitlemd.com/locations.html" "Mozilla/5.0 (Windows NT 10.0; WOW64; rv:64.0) Gecko/20100101 Firefox/64.0"
71.166.182.216 - - [07/Feb/2019:08:59:55 -0600] "GET /img/custom/page-intro/house-web.jpg HTTP/1.1" 200 87706 "https://heritagetitlemd.com/locations.html" "Mozilla/5.0 (Windows NT 10.0; WOW64; rv:64.0) Gecko/20100101 Firefox/64.0"
71.166.182.216 - - [07/Feb/2019:08:59:55 -0600] "GET /img/custom/nav/side-banner-web.jpg HTTP/1.1" 200 9789 "https://heritagetitlemd.com/css/custom/custom.css" "Mozilla/5.0 (Windows NT 10.0; WOW64; rv:64.0) Gecko/20100101 Firefox/64.0"
71.166.182.216 - - [07/Feb/2019:08:59:55 -0600] "GET /font/roboto/Roboto-Bold.woff2 HTTP/1.1" 200 50447 "https://heritagetitlemd.com/css/mdb.css" "Mozilla/5.0 (Windows NT 10.0; WOW64; rv:64.0) Gecko/20100101 Firefox/64.0"
71.166.182.216 - - [07/Feb/2019:08:59:55 -0600] "GET /font/roboto/Roboto-Regular.woff2 HTTP/1.1" 200 49707 "https://heritagetitlemd.com/css/mdb.css" "Mozilla/5.0 (Windows NT 10.0; WOW64; rv:64.0) Gecko/20100101 Firefox/64.0"
71.166.182.216 - - [07/Feb/2019:08:59:55 -0600] "GET /font/roboto/Roboto-Medium.woff2 HTTP/1.1" 200 50695 "https://heritagetitlemd.com/css/mdb.css" "Mozilla/5.0 (Windows NT 10.0; WOW64; rv:64.0) Gecko/20100101 Firefox/64.0"
71.166.182.216 - - [07/Feb/2019:08:59:55 -0600] "GET /font/roboto/Roboto-Light.woff2 HTTP/1.1" 200 49851 "https://heritagetitlemd.com/css/mdb.css" "Mozilla/5.0 (Windows NT 10.0; WOW64; rv:64.0) Gecko/20100101 Firefox/64.0"
71.166.182.216 - - [07/Feb/2019:08:59:55 -0600] "GET /img/favicon.png HTTP/1.1" 200 11747 "-" "Mozilla/5.0 (Windows NT 10.0; WOW64; rv:64.0) Gecko/20100101 Firefox/64.0"
71.166.182.216 - - [07/Feb/2019:09:00:06 -0600] "GET / HTTP/1.1" 200 11554 "https://www.google.com/" "Mozilla/5.0 (Windows NT 10.0; WOW64; rv:64.0) Gecko/20100101 Firefox/64.0"
71.166.182.216 - - [07/Feb/2019:09:00:06 -0600] "GET /css/custom/custom.css HTTP/1.1" 200 8868 "https://heritagetitlemd.com/" "Mozilla/5.0 (Windows NT 10.0; WOW64; rv:64.0) Gecko/20100101 Firefox/64.0"
71.166.182.216 - - [07/Feb/2019:09:00:06 -0600] "GET /img/custom/index-slider/house-web.jpg HTTP/1.1" 200 81253 "https://heritagetitlemd.com/" "Mozilla/5.0 (Windows NT 10.0; WOW64; rv:64.0) Gecko/20100101 Firefox/64.0"
71.166.182.216 - - [07/Feb/2019:09:00:06 -0600] "GET /img/custom/page-why-use-us/home-buyers-web.jpg HTTP/1.1" 200 15664 "https://heritagetitlemd.com/" "Mozilla/5.0 (Windows NT 10.0; WOW64; rv:64.0) Gecko/20100101 Firefox/64.0"
71.166.182.216 - - [07/Feb/2019:09:00:06 -0600] "GET /img/custom/index-slider/bay-web.jpg HTTP/1.1" 200 52189 "https://heritagetitlemd.com/" "Mozilla/5.0 (Windows NT 10.0; WOW64; rv:64.0) Gecko/20100101 Firefox/64.0"
71.166.182.216 - - [07/Feb/2019:09:00:06 -0600] "GET /img/custom/index-slider/row-houses-web.jpg HTTP/1.1" 200 129969 "https://heritagetitlemd.com/" "Mozilla/5.0 (Windows NT 10.0; WOW64; rv:64.0) Gecko/20100101 Firefox/64.0"
71.166.182.216 - - [07/Feb/2019:09:00:06 -0600] "GET /img//svg/arrow_left.svg HTTP/1.1" 200 598 "https://heritagetitlemd.com/css/mdb.css" "Mozilla/5.0 (Windows NT 10.0; WOW64; rv:64.0) Gecko/20100101 Firefox/64.0"
71.166.182.216 - - [07/Feb/2019:09:00:06 -0600] "GET /img//svg/arrow_right.svg HTTP/1.1" 200 754 "https://heritagetitlemd.com/css/mdb.css" "Mozilla/5.0 (Windows NT 10.0; WOW64; rv:64.0) Gecko/20100101 Firefox/64.0"
71.166.182.216 - - [07/Feb/2019:09:00:06 -0600] "GET /img/custom/page-index/surprised2-web.jpg HTTP/1.1" 200 24462 "https://heritagetitlemd.com/" "Mozilla/5.0 (Windows NT 10.0; WOW64; rv:64.0) Gecko/20100101 Firefox/64.0"
71.166.182.216 - - [07/Feb/2019:09:00:06 -0600] "GET /img/custom/page-index/surprised1-web.jpg HTTP/1.1" 200 12366 "https://heritagetitlemd.com/" "Mozilla/5.0 (Windows NT 10.0; WOW64; rv:64.0) Gecko/20100101 Firefox/64.0"
71.166.182.216 - - [07/Feb/2019:09:00:14 -0600] "GET /locations.php HTTP/1.1" 200 4633 "https://heritagetitlemd.com/" "Mozilla/5.0 (Windows NT 10.0; WOW64; rv:64.0) Gecko/20100101 Firefox/64.0"
71.166.182.216 - - [07/Feb/2019:09:00:26 -0600] "GET / HTTP/1.1" 200 5870 "https://www.google.com/" "Mozilla/5.0 (Windows NT 10.0; WOW64; rv:64.0) Gecko/20100101 Firefox/64.0"
71.121.147.194 - - [07/Feb/2019:09:01:08 -0600] "POST /autodiscover/autodiscover.xml HTTP/1.1" 404 6448 "-" "Microsoft Office/16.0 (Windows NT 10.0; Microsoft Outlook 16.0.11231; Pro)"
71.121.147.194 - - [07/Feb/2019:09:01:08 -0600] "POST /autodiscover/autodiscover.xml HTTP/1.1" 404 732 "-" "Microsoft Office/16.0 (Windows NT 10.0; Microsoft Outlook 16.0.11231; Pro)"
71.121.147.194 - - [07/Feb/2019:09:01:16 -0600] "POST /autodiscover/autodiscover.xml HTTP/1.1" 404 732 "-" "Microsoft Office/16.0 (Windows NT 10.0; Microsoft Outlook 16.0.11231; Pro)"
104.222.43.144 - - [07/Feb/2019:09:01:30 -0600] "GET / HTTP/1.1" 302 550 "-" "Mozilla/5.0 (Windows NT 6.1; WOW64; rv:27.0) Gecko/20100101 Firefox/27.0"
71.121.147.194 - - [07/Feb/2019:09:02:48 -0600] "POST /autodiscover/autodiscover.xml HTTP/1.1" 404 732 "-" "Microsoft Office/16.0 (Windows NT 10.0; Microsoft Outlook 16.0.11231; Pro)"
71.121.147.194 - - [07/Feb/2019:09:03:30 -0600] "POST /autodiscover/autodiscover.xml HTTP/1.1" 404 6448 "-" "Microsoft Office/16.0 (Windows NT 10.0; Microsoft Outlook 16.0.11231; Pro)"
71.121.147.194 - - [07/Feb/2019:09:05:44 -0600] "POST /autodiscover/autodiscover.xml HTTP/1.1" 404 6448 "-" "Microsoft Office/16.0 (Windows NT 10.0; Microsoft Outlook 16.0.11231; Pro)"
71.121.147.194 - - [07/Feb/2019:09:06:39 -0600] "POST /autodiscover/autodiscover.xml HTTP/1.1" 404 732 "-" "Microsoft Office/16.0 (Windows NT 10.0; Microsoft Outlook 16.0.11231; Pro)"
71.121.147.194 - - [07/Feb/2019:09:06:39 -0600] "POST /autodiscover/autodiscover.xml HTTP/1.1" 404 622 "-" "Microsoft Office/16.0 (Windows NT 10.0; Microsoft Outlook 16.0.11231; Pro)"
71.121.147.194 - - [07/Feb/2019:09:08:03 -0600] "POST /autodiscover/autodiscover.xml HTTP/1.1" 404 732 "-" "Microsoft Office/16.0 (Windows NT 10.0; Microsoft Outlook 16.0.11231; Pro)"
71.121.147.194 - - [07/Feb/2019:09:08:12 -0600] "POST /autodiscover/autodiscover.xml HTTP/1.1" 404 732 "-" "Microsoft Office/16.0 (Windows NT 10.0; Microsoft Outlook 16.0.11231; Pro)"
71.121.147.194 - - [07/Feb/2019:09:10:20 -0600] "POST /autodiscover/autodiscover.xml HTTP/1.1" 404 6448 "-" "Microsoft Office/16.0 (Windows NT 10.0; Microsoft Outlook 16.0.11231; Pro)"
71.121.147.194 - - [07/Feb/2019:09:12:02 -0600] "POST /autodiscover/autodiscover.xml HTTP/1.1" 404 6448 "-" "Microsoft Office/16.0 (Windows NT 10.0; Microsoft Outlook 16.0.11231; Pro)"
71.121.147.194 - - [07/Feb/2019:09:12:02 -0600] "POST /autodiscover/autodiscover.xml HTTP/1.1" 404 6448 "-" "Microsoft Office/16.0 (Windows NT 10.0; Microsoft Outlook 16.0.11231; Pro)"
71.121.147.194 - - [07/Feb/2019:09:12:34 -0600] "POST /autodiscover/autodiscover.xml HTTP/1.1" 404 732 "-" "Microsoft Office/16.0 (Windows NT 10.0; Microsoft Outlook 16.0.11231; Pro)"
18.223.135.142 - - [07/Feb/2019:09:12:59 -0600] "GET / HTTP/1.1" 200 11597 "-" "Mozilla/5.0 (Macintosh; Intel Mac OS X x.y; rv:42.0) Trident/5.0 Safari/602.1"
71.121.147.194 - - [07/Feb/2019:09:13:38 -0600] "POST /autodiscover/autodiscover.xml HTTP/1.1" 404 732 "-" "Microsoft Office/16.0 (Windows NT 10.0; Microsoft Outlook 16.0.11231; Pro)"
71.121.147.194 - - [07/Feb/2019:09:14:48 -0600] "POST /autodiscover/autodiscover.xml HTTP/1.1" 404 732 "-" "Microsoft Office/16.0 (Windows NT 10.0; Microsoft Outlook 16.0.11231; Pro)"
72.81.142.248 - - [07/Feb/2019:09:15:22 -0600] "GET /buyers_guide/two/residential_contract.php HTTP/1.1" 302 632 "-" "Mozilla/5.0 (iPhone; CPU iPhone OS 12_0 like Mac OS X) AppleWebKit/605.1.15 (KHTML, like Gecko) Version/12.0 Mobile/15E148 Safari/604.1"
72.81.142.248 - - [07/Feb/2019:09:15:22 -0600] "GET /buyers_guide/two/residential_contract.php HTTP/1.1" 404 6264 "-" "Mozilla/5.0 (iPhone; CPU iPhone OS 12_0 like Mac OS X) AppleWebKit/605.1.15 (KHTML, like Gecko) Version/12.0 Mobile/15E148 Safari/604.1"
72.81.142.248 - - [07/Feb/2019:09:15:22 -0600] "GET /apple-touch-icon-120x120-precomposed.png HTTP/1.1" 404 6263 "-" "MobileSafari/604.1 CFNetwork/974.2.1 Darwin/18.0.0"
72.81.142.248 - - [07/Feb/2019:09:15:23 -0600] "GET /apple-touch-icon-120x120.png HTTP/1.1" 404 621 "-" "MobileSafari/604.1 CFNetwork/974.2.1 Darwin/18.0.0"
72.81.142.248 - - [07/Feb/2019:09:15:23 -0600] "GET /apple-touch-icon-precomposed.png HTTP/1.1" 404 625 "-" "MobileSafari/604.1 CFNetwork/974.2.1 Darwin/18.0.0"
72.81.142.248 - - [07/Feb/2019:09:15:23 -0600] "GET /apple-touch-icon.png HTTP/1.1" 404 613 "-" "MobileSafari/604.1 CFNetwork/974.2.1 Darwin/18.0.0"
72.81.142.248 - - [07/Feb/2019:09:15:23 -0600] "GET /favicon.ico HTTP/1.1" 404 604 "-" "MobileSafari/604.1 CFNetwork/974.2.1 Darwin/18.0.0"
72.81.142.248 - - [07/Feb/2019:09:15:23 -0600] "GET /apple-touch-icon-120x120-precomposed.png HTTP/1.1" 404 633 "-" "MobileSafari/604.1 CFNetwork/974.2.1 Darwin/18.0.0"
72.81.142.248 - - [07/Feb/2019:09:15:23 -0600] "GET /apple-touch-icon-120x120.png HTTP/1.1" 404 621 "-" "MobileSafari/604.1 CFNetwork/974.2.1 Darwin/18.0.0"
72.81.142.248 - - [07/Feb/2019:09:15:23 -0600] "GET /apple-touch-icon-precomposed.png HTTP/1.1" 404 625 "-" "MobileSafari/604.1 CFNetwork/974.2.1 Darwin/18.0.0"
72.81.142.248 - - [07/Feb/2019:09:15:23 -0600] "GET /apple-touch-icon.png HTTP/1.1" 404 613 "-" "MobileSafari/604.1 CFNetwork/974.2.1 Darwin/18.0.0"
72.81.142.248 - - [07/Feb/2019:09:15:23 -0600] "GET /favicon.ico HTTP/1.1" 404 604 "-" "MobileSafari/604.1 CFNetwork/974.2.1 Darwin/18.0.0"
71.121.147.194 - - [07/Feb/2019:09:17:02 -0600] "POST /autodiscover/autodiscover.xml HTTP/1.1" 404 732 "-" "Microsoft Office/16.0 (Windows NT 10.0; Microsoft Outlook 16.0.11231; Pro)"
71.121.147.194 - - [07/Feb/2019:09:17:18 -0600] "POST /autodiscover/autodiscover.xml HTTP/1.1" 404 6448 "-" "Microsoft Office/16.0 (Windows NT 10.0; Microsoft Outlook 16.0.11231; Pro)"
71.121.147.194 - - [07/Feb/2019:09:17:18 -0600] "POST /autodiscover/autodiscover.xml HTTP/1.1" 404 732 "-" "Microsoft Office/16.0 (Windows NT 10.0; Microsoft Outlook 16.0.11231; Pro)"
71.121.147.194 - - [07/Feb/2019:09:19:00 -0600] "POST /autodiscover/autodiscover.xml HTTP/1.1" 404 732 "-" "Microsoft Office/16.0 (Windows NT 10.0; Microsoft Outlook 16.0.11231; Pro)"
71.121.147.194 - - [07/Feb/2019:09:19:16 -0600] "POST /autodiscover/autodiscover.xml HTTP/1.1" 404 732 "-" "Microsoft Office/16.0 (Windows NT 10.0; Microsoft Outlook 16.0.11231; Pro)"
71.121.147.194 - - [07/Feb/2019:09:21:32 -0600] "POST /autodiscover/autodiscover.xml HTTP/1.1" 404 732 "-" "Microsoft Office/16.0 (Windows NT 10.0; Microsoft Outlook 16.0.11231; Pro)"
71.121.147.194 - - [07/Feb/2019:09:22:43 -0600] "POST /autodiscover/autodiscover.xml HTTP/1.1" 404 6448 "-" "Microsoft Office/16.0 (Windows NT 10.0; Microsoft Outlook 16.0.11231; Pro)"
71.121.147.194 - - [07/Feb/2019:09:22:45 -0600] "POST /autodiscover/autodiscover.xml HTTP/1.1" 404 622 "-" "Microsoft Office/16.0 (Windows NT 10.0; Microsoft Outlook 16.0.11231; Pro)"
71.121.147.194 - - [07/Feb/2019:09:23:46 -0600] "POST /autodiscover/autodiscover.xml HTTP/1.1" 404 732 "-" "Microsoft Office/16.0 (Windows NT 10.0; Microsoft Outlook 16.0.11231; Pro)"
71.121.147.194 - - [07/Feb/2019:09:24:34 -0600] "POST /autodiscover/autodiscover.xml HTTP/1.1" 404 732 "-" "Microsoft Office/16.0 (Windows NT 10.0; Microsoft Outlook 16.0.11231; Pro)"
71.121.147.194 - - [07/Feb/2019:09:26:00 -0600] "POST /autodiscover/autodiscover.xml HTTP/1.1" 404 732 "-" "Microsoft Office/16.0 (Windows NT 10.0; Microsoft Outlook 16.0.11231; Pro)"
71.121.147.194 - - [07/Feb/2019:09:28:14 -0600] "POST /autodiscover/autodiscover.xml HTTP/1.1" 404 6448 "-" "Microsoft Office/16.0 (Windows NT 10.0; Microsoft Outlook 16.0.11231; Pro)"
71.121.147.194 - - [07/Feb/2019:09:28:14 -0600] "POST /autodiscover/autodiscover.xml HTTP/1.1" 404 732 "-" "Microsoft Office/16.0 (Windows NT 10.0; Microsoft Outlook 16.0.11231; Pro)"
71.121.147.194 - - [07/Feb/2019:09:28:16 -0600] "POST /autodiscover/autodiscover.xml HTTP/1.1" 404 622 "-" "Microsoft Office/16.0 (Windows NT 10.0; Microsoft Outlook 16.0.11231; Pro)"
71.121.147.194 - - [07/Feb/2019:09:30:00 -0600] "POST /autodiscover/autodiscover.xml HTTP/1.1" 404 732 "-" "Microsoft Office/16.0 (Windows NT 10.0; Microsoft Outlook 16.0.11231; Pro)"
71.121.147.194 - - [07/Feb/2019:09:30:33 -0600] "POST /autodiscover/autodiscover.xml HTTP/1.1" 404 732 "-" "Microsoft Office/16.0 (Windows NT 10.0; Microsoft Outlook 16.0.11231; Pro)"
104.131.81.254 - - [07/Feb/2019:09:30:51 -0600] "GET /index.php/admin/ HTTP/1.1" 302 545 "http://settleatheritage.com/index.php/admin/" "Mozilla/5.0 (X11; Ubuntu; Linux x86_64; rv:62.0) Gecko/20100101 Firefox/62.0"
104.131.81.254 - - [07/Feb/2019:09:30:52 -0600] "GET /index.php/admin/ HTTP/1.1" 200 11345 "http://heritagetitlemd.com/index.php/admin/" "Mozilla/5.0 (X11; Ubuntu; Linux x86_64; rv:62.0) Gecko/20100101 Firefox/62.0"
104.131.81.254 - - [07/Feb/2019:09:30:52 -0600] "GET /downloader/ HTTP/1.1" 302 535 "http://settleatheritage.com/downloader/" "Mozilla/5.0 (X11; Ubuntu; Linux x86_64; rv:62.0) Gecko/20100101 Firefox/62.0"
104.131.81.254 - - [07/Feb/2019:09:30:52 -0600] "GET /downloader/ HTTP/1.1" 404 6178 "http://heritagetitlemd.com/downloader/" "Mozilla/5.0 (X11; Ubuntu; Linux x86_64; rv:62.0) Gecko/20100101 Firefox/62.0"
104.131.81.254 - - [07/Feb/2019:09:30:53 -0600] "GET /rss/catalog/notifystock/ HTTP/1.1" 302 561 "http://settleatheritage.com/rss/catalog/notifystock/" "Mozilla/5.0 (X11; Ubuntu; Linux x86_64; rv:62.0) Gecko/20100101 Firefox/62.0"
104.131.81.254 - - [07/Feb/2019:09:30:53 -0600] "GET /rss/catalog/notifystock/ HTTP/1.1" 404 6191 "http://heritagetitlemd.com/rss/catalog/notifystock/" "Mozilla/5.0 (X11; Ubuntu; Linux x86_64; rv:62.0) Gecko/20100101 Firefox/62.0"
71.121.147.194 - - [07/Feb/2019:09:32:47 -0600] "POST /autodiscover/autodiscover.xml HTTP/1.1" 404 732 "-" "Microsoft Office/16.0 (Windows NT 10.0; Microsoft Outlook 16.0.11231; Pro)"
71.121.147.194 - - [07/Feb/2019:09:33:42 -0600] "POST /autodiscover/autodiscover.xml HTTP/1.1" 404 6448 "-" "Microsoft Office/16.0 (Windows NT 10.0; Microsoft Outlook 16.0.11231; Pro)"
71.121.147.194 - - [07/Feb/2019:09:33:42 -0600] "POST /autodiscover/autodiscover.xml HTTP/1.1" 404 622 "-" "Microsoft Office/16.0 (Windows NT 10.0; Microsoft Outlook 16.0.11231; Pro)"
71.121.147.194 - - [07/Feb/2019:09:35:01 -0600] "POST /autodiscover/autodiscover.xml HTTP/1.1" 404 732 "-" "Microsoft Office/16.0 (Windows NT 10.0; Microsoft Outlook 16.0.11231; Pro)"
71.121.147.194 - - [07/Feb/2019:09:35:16 -0600] "POST /autodiscover/autodiscover.xml HTTP/1.1" 404 732 "-" "Microsoft Office/16.0 (Windows NT 10.0; Microsoft Outlook 16.0.11231; Pro)"
71.121.147.194 - - [07/Feb/2019:09:37:15 -0600] "POST /autodiscover/autodiscover.xml HTTP/1.1" 404 6448 "-" "Microsoft Office/16.0 (Windows NT 10.0; Microsoft Outlook 16.0.11231; Pro)"
71.121.147.194 - - [07/Feb/2019:09:39:04 -0600] "POST /autodiscover/autodiscover.xml HTTP/1.1" 404 732 "-" "Microsoft Office/16.0 (Windows NT 10.0; Microsoft Outlook 16.0.11231; Pro)"
71.121.147.194 - - [07/Feb/2019:09:39:06 -0600] "POST /autodiscover/autodiscover.xml HTTP/1.1" 404 622 "-" "Microsoft Office/16.0 (Windows NT 10.0; Microsoft Outlook 16.0.11231; Pro)"
71.121.147.194 - - [07/Feb/2019:09:39:29 -0600] "POST /autodiscover/autodiscover.xml HTTP/1.1" 404 732 "-" "Microsoft Office/16.0 (Windows NT 10.0; Microsoft Outlook 16.0.11231; Pro)"
71.121.147.194 - - [07/Feb/2019:09:40:48 -0600] "POST /autodiscover/autodiscover.xml HTTP/1.1" 404 732 "-" "Microsoft Office/16.0 (Windows NT 10.0; Microsoft Outlook 16.0.11231; Pro)"
71.121.147.194 - - [07/Feb/2019:09:41:43 -0600] "POST /autodiscover/autodiscover.xml HTTP/1.1" 404 732 "-" "Microsoft Office/16.0 (Windows NT 10.0; Microsoft Outlook 16.0.11231; Pro)"
71.121.147.194 - - [07/Feb/2019:09:43:57 -0600] "POST /autodiscover/autodiscover.xml HTTP/1.1" 404 6448 "-" "Microsoft Office/16.0 (Windows NT 10.0; Microsoft Outlook 16.0.11231; Pro)"
71.121.147.194 - - [07/Feb/2019:09:44:22 -0600] "POST /autodiscover/autodiscover.xml HTTP/1.1" 404 732 "-" "Microsoft Office/16.0 (Windows NT 10.0; Microsoft Outlook 16.0.11231; Pro)"
71.121.147.194 - - [07/Feb/2019:09:44:24 -0600] "POST /autodiscover/autodiscover.xml HTTP/1.1" 404 622 "-" "Microsoft Office/16.0 (Windows NT 10.0; Microsoft Outlook 16.0.11231; Pro)"
71.121.147.194 - - [07/Feb/2019:09:46:11 -0600] "POST /autodiscover/autodiscover.xml HTTP/1.1" 404 732 "-" "Microsoft Office/16.0 (Windows NT 10.0; Microsoft Outlook 16.0.11231; Pro)"
71.121.147.194 - - [07/Feb/2019:09:46:15 -0600] "POST /autodiscover/autodiscover.xml HTTP/1.1" 404 622 "-" "Microsoft Office/16.0 (Windows NT 10.0; Microsoft Outlook 16.0.11231; Pro)"
71.121.147.194 - - [07/Feb/2019:09:48:26 -0600] "POST /autodiscover/autodiscover.xml HTTP/1.1" 404 732 "-" "Microsoft Office/16.0 (Windows NT 10.0; Microsoft Outlook 16.0.11231; Pro)"
64.141.187.4 - - [07/Feb/2019:09:48:56 -0600] "POST /autodiscover/autodiscover.xml HTTP/1.1" 404 6591 "-" "Outlook/16.0 (16.0.4765.1000; MSI; x86)"
64.141.187.4 - - [07/Feb/2019:09:48:56 -0600] "POST /autodiscover/autodiscover.xml HTTP/1.1" 404 6591 "-" "Microsoft Office/16.0 (Windows NT 6.3; MAPI 16.0.4738; Pro)"
71.121.147.194 - - [07/Feb/2019:09:49:47 -0600] "POST /autodiscover/autodiscover.xml HTTP/1.1" 404 6448 "-" "Microsoft Office/16.0 (Windows NT 10.0; Microsoft Outlook 16.0.11231; Pro)"
71.121.147.194 - - [07/Feb/2019:09:49:47 -0600] "POST /autodiscover/autodiscover.xml HTTP/1.1" 404 6448 "-" "Microsoft Office/16.0 (Windows NT 10.0; Microsoft Outlook 16.0.11231; Pro)"
71.121.147.194 - - [07/Feb/2019:09:50:47 -0600] "POST /autodiscover/autodiscover.xml HTTP/1.1" 404 732 "-" "Microsoft Office/16.0 (Windows NT 10.0; Microsoft Outlook 16.0.11231; Pro)"
64.141.187.4 - - [07/Feb/2019:09:50:56 -0600] "POST /autodiscover/autodiscover.xml HTTP/1.1" 404 842 "-" "Microsoft Office/16.0 (Windows NT 6.3; MAPI 16.0.4738; Pro)"
64.141.187.4 - - [07/Feb/2019:09:50:56 -0600] "POST /autodiscover/autodiscover.xml HTTP/1.1" 404 6591 "-" "Outlook/16.0 (16.0.4765.1000; MSI; x86)"
71.121.147.194 - - [07/Feb/2019:09:51:31 -0600] "POST /autodiscover/autodiscover.xml HTTP/1.1" 404 732 "-" "Microsoft Office/16.0 (Windows NT 10.0; Microsoft Outlook 16.0.11231; Pro)"
64.141.187.4 - - [07/Feb/2019:09:53:01 -0600] "POST /autodiscover/autodiscover.xml HTTP/1.1" 404 842 "-" "Microsoft Office/16.0 (Windows NT 6.3; MAPI 16.0.4738; Pro)"
64.141.187.4 - - [07/Feb/2019:09:53:01 -0600] "POST /autodiscover/autodiscover.xml HTTP/1.1" 404 6591 "-" "Outlook/16.0 (16.0.4765.1000; MSI; x86)"
71.121.147.194 - - [07/Feb/2019:09:53:01 -0600] "POST /autodiscover/autodiscover.xml HTTP/1.1" 404 732 "-" "Microsoft Office/16.0 (Windows NT 10.0; Microsoft Outlook 16.0.11231; Pro)"
64.141.187.4 - - [07/Feb/2019:09:54:54 -0600] "POST /autodiscover/autodiscover.xml HTTP/1.1" 404 6591 "-" "Microsoft Office/16.0 (Windows NT 6.2; Microsoft Outlook 16.0.4738; Pro)"
71.121.147.194 - - [07/Feb/2019:09:55:09 -0600] "POST /autodiscover/autodiscover.xml HTTP/1.1" 404 6448 "-" "Microsoft Office/16.0 (Windows NT 10.0; Microsoft Outlook 16.0.11231; Pro)"
71.121.147.194 - - [07/Feb/2019:09:55:09 -0600] "POST /autodiscover/autodiscover.xml HTTP/1.1" 404 6448 "-" "Microsoft Office/16.0 (Windows NT 10.0; Microsoft Outlook 16.0.11231; Pro)"
71.121.147.194 - - [07/Feb/2019:09:55:19 -0600] "POST /autodiscover/autodiscover.xml HTTP/1.1" 404 732 "-" "Microsoft Office/16.0 (Windows NT 10.0; Microsoft Outlook 16.0.11231; Pro)"
64.141.187.4 - - [07/Feb/2019:09:55:56 -0600] "POST /autodiscover/autodiscover.xml HTTP/1.1" 404 6591 "-" "Microsoft Office/16.0 (Windows NT 6.3; Microsoft Outlook 16.0.4738; Pro)"
71.121.147.194 - - [07/Feb/2019:09:56:49 -0600] "POST /autodiscover/autodiscover.xml HTTP/1.1" 404 732 "-" "Microsoft Office/16.0 (Windows NT 10.0; Microsoft Outlook 16.0.11231; Pro)"
71.121.147.194 - - [07/Feb/2019:09:57:33 -0600] "POST /autodiscover/autodiscover.xml HTTP/1.1" 404 732 "-" "Microsoft Office/16.0 (Windows NT 10.0; Microsoft Outlook 16.0.11231; Pro)"
71.121.147.194 - - [07/Feb/2019:09:59:47 -0600] "POST /autodiscover/autodiscover.xml HTTP/1.1" 404 732 "-" "Microsoft Office/16.0 (Windows NT 10.0; Microsoft Outlook 16.0.11231; Pro)"
71.121.147.194 - - [07/Feb/2019:10:00:36 -0600] "POST /autodiscover/autodiscover.xml HTTP/1.1" 404 6448 "-" "Microsoft Office/16.0 (Windows NT 10.0; Microsoft Outlook 16.0.11231; Pro)"
71.121.147.194 - - [07/Feb/2019:10:00:36 -0600] "POST /autodiscover/autodiscover.xml HTTP/1.1" 404 622 "-" "Microsoft Office/16.0 (Windows NT 10.0; Microsoft Outlook 16.0.11231; Pro)"
71.121.147.194 - - [07/Feb/2019:10:01:37 -0600] "POST /AutoDiscover/autodiscover.xml HTTP/1.1" 404 6448 "-" "Microsoft Office/16.0 (Windows NT 10.0; Microsoft Word 16.0.11231; Pro)"
71.121.147.194 - - [07/Feb/2019:10:02:01 -0600] "POST /autodiscover/autodiscover.xml HTTP/1.1" 404 732 "-" "Microsoft Office/16.0 (Windows NT 10.0; Microsoft Outlook 16.0.11231; Pro)"
71.121.147.194 - - [07/Feb/2019:10:02:07 -0600] "POST /autodiscover/autodiscover.xml HTTP/1.1" 404 732 "-" "Microsoft Office/16.0 (Windows NT 10.0; Microsoft Outlook 16.0.11231; Pro)"
64.141.187.4 - - [07/Feb/2019:10:02:56 -0600] "POST /autodiscover/autodiscover.xml HTTP/1.1" 404 6591 "-" "Microsoft Office/16.0 (Windows NT 6.2; Microsoft Outlook 16.0.4738; Pro)"
64.141.187.4 - - [07/Feb/2019:10:03:04 -0600] "POST /autodiscover/autodiscover.xml HTTP/1.1" 404 842 "-" "Microsoft Office/16.0 (Windows NT 6.2; Microsoft Outlook 16.0.4738; Pro)"
71.121.147.194 - - [07/Feb/2019:10:04:15 -0600] "POST /autodiscover/autodiscover.xml HTTP/1.1" 404 732 "-" "Microsoft Office/16.0 (Windows NT 10.0; Microsoft Outlook 16.0.11231; Pro)"
71.121.147.194 - - [07/Feb/2019:10:05:55 -0600] "POST /autodiscover/autodiscover.xml HTTP/1.1" 404 6448 "-" "Microsoft Office/16.0 (Windows NT 10.0; Microsoft Outlook 16.0.11231; Pro)"
71.121.147.194 - - [07/Feb/2019:10:05:55 -0600] "POST /autodiscover/autodiscover.xml HTTP/1.1" 404 6448 "-" "Microsoft Office/16.0 (Windows NT 10.0; Microsoft Outlook 16.0.11231; Pro)"
71.121.147.194 - - [07/Feb/2019:10:06:29 -0600] "POST /autodiscover/autodiscover.xml HTTP/1.1" 404 732 "-" "Microsoft Office/16.0 (Windows NT 10.0; Microsoft Outlook 16.0.11231; Pro)"
71.121.147.194 - - [07/Feb/2019:10:07:29 -0600] "POST /autodiscover/autodiscover.xml HTTP/1.1" 404 732 "-" "Microsoft Office/16.0 (Windows NT 10.0; Microsoft Outlook 16.0.11231; Pro)"
71.121.147.194 - - [07/Feb/2019:10:08:48 -0600] "POST /autodiscover/autodiscover.xml HTTP/1.1" 404 732 "-" "Microsoft Office/16.0 (Windows NT 10.0; Microsoft Outlook 16.0.11231; Pro)"
71.244.223.114 - - [07/Feb/2019:10:09:18 -0600] "GET / HTTP/1.1" 200 11612 "https://www.google.com/" "Mozilla/5.0 (Windows NT 10.0; Win64; x64) AppleWebKit/537.36 (KHTML, like Gecko) Chrome/72.0.3626.96 Safari/537.36"
71.244.223.114 - - [07/Feb/2019:10:09:18 -0600] "GET /css/bootstrap.min.css HTTP/1.1" 200 20036 "https://heritagetitlemd.com/" "Mozilla/5.0 (Windows NT 10.0; Win64; x64) AppleWebKit/537.36 (KHTML, like Gecko) Chrome/72.0.3626.96 Safari/537.36"
71.244.223.114 - - [07/Feb/2019:10:09:18 -0600] "GET /css/mdb.css HTTP/1.1" 200 67900 "https://heritagetitlemd.com/" "Mozilla/5.0 (Windows NT 10.0; Win64; x64) AppleWebKit/537.36 (KHTML, like Gecko) Chrome/72.0.3626.96 Safari/537.36"
71.244.223.114 - - [07/Feb/2019:10:09:18 -0600] "GET /css/custom/custom.css HTTP/1.1" 200 3027 "https://heritagetitlemd.com/" "Mozilla/5.0 (Windows NT 10.0; Win64; x64) AppleWebKit/537.36 (KHTML, like Gecko) Chrome/72.0.3626.96 Safari/537.36"
71.244.223.114 - - [07/Feb/2019:10:09:19 -0600] "GET /img/custom/nav/logo-web.png HTTP/1.1" 200 10322 "https://heritagetitlemd.com/" "Mozilla/5.0 (Windows NT 10.0; Win64; x64) AppleWebKit/537.36 (KHTML, like Gecko) Chrome/72.0.3626.96 Safari/537.36"
71.244.223.114 - - [07/Feb/2019:10:09:19 -0600] "GET /img/custom/index-slider/house-web.jpg HTTP/1.1" 200 81410 "https://heritagetitlemd.com/" "Mozilla/5.0 (Windows NT 10.0; Win64; x64) AppleWebKit/537.36 (KHTML, like Gecko) Chrome/72.0.3626.96 Safari/537.36"
71.244.223.114 - - [07/Feb/2019:10:09:19 -0600] "GET /img/custom/index-slider/bay-web.jpg HTTP/1.1" 200 52032 "https://heritagetitlemd.com/" "Mozilla/5.0 (Windows NT 10.0; Win64; x64) AppleWebKit/537.36 (KHTML, like Gecko) Chrome/72.0.3626.96 Safari/537.36"
71.244.223.114 - - [07/Feb/2019:10:09:19 -0600] "GET /img/custom/index-slider/row-houses-web.jpg HTTP/1.1" 200 129812 "https://heritagetitlemd.com/" "Mozilla/5.0 (Windows NT 10.0; Win64; x64) AppleWebKit/537.36 (KHTML, like Gecko) Chrome/72.0.3626.96 Safari/537.36"
71.244.223.114 - - [07/Feb/2019:10:09:19 -0600] "GET /img/custom/page-why-use-us/home-buyers-web.jpg HTTP/1.1" 200 15507 "https://heritagetitlemd.com/" "Mozilla/5.0 (Windows NT 10.0; Win64; x64) AppleWebKit/537.36 (KHTML, like Gecko) Chrome/72.0.3626.96 Safari/537.36"
71.244.223.114 - - [07/Feb/2019:10:09:19 -0600] "GET /js/popper.min.js HTTP/1.1" 200 7404 "https://heritagetitlemd.com/" "Mozilla/5.0 (Windows NT 10.0; Win64; x64) AppleWebKit/537.36 (KHTML, like Gecko) Chrome/72.0.3626.96 Safari/537.36"
71.244.223.114 - - [07/Feb/2019:10:09:19 -0600] "GET /js/jquery-3.2.1.min.js HTTP/1.1" 200 30886 "https://heritagetitlemd.com/" "Mozilla/5.0 (Windows NT 10.0; Win64; x64) AppleWebKit/537.36 (KHTML, like Gecko) Chrome/72.0.3626.96 Safari/537.36"
71.244.223.114 - - [07/Feb/2019:10:09:19 -0600] "GET /js/bootstrap.min.js HTTP/1.1" 200 13617 "https://heritagetitlemd.com/" "Mozilla/5.0 (Windows NT 10.0; Win64; x64) AppleWebKit/537.36 (KHTML, like Gecko) Chrome/72.0.3626.96 Safari/537.36"
71.244.223.114 - - [07/Feb/2019:10:09:19 -0600] "GET /js/custom/custom.js HTTP/1.1" 200 2536 "https://heritagetitlemd.com/" "Mozilla/5.0 (Windows NT 10.0; Win64; x64) AppleWebKit/537.36 (KHTML, like Gecko) Chrome/72.0.3626.96 Safari/537.36"
71.244.223.114 - - [07/Feb/2019:10:09:19 -0600] "GET /js/mdb.min.js HTTP/1.1" 200 117396 "https://heritagetitlemd.com/" "Mozilla/5.0 (Windows NT 10.0; Win64; x64) AppleWebKit/537.36 (KHTML, like Gecko) Chrome/72.0.3626.96 Safari/537.36"
71.244.223.114 - - [07/Feb/2019:10:09:20 -0600] "GET / HTTP/1.1" 200 5713 "https://www.google.com/" "Mozilla/5.0 (Windows NT 10.0; Win64; x64) AppleWebKit/537.36 (KHTML, like Gecko) Chrome/72.0.3626.96 Safari/537.36"
71.244.223.114 - - [07/Feb/2019:10:09:20 -0600] "GET /img/custom/page-index/surprised2-web.jpg HTTP/1.1" 200 24305 "https://heritagetitlemd.com/" "Mozilla/5.0 (Windows NT 10.0; Win64; x64) AppleWebKit/537.36 (KHTML, like Gecko) Chrome/72.0.3626.96 Safari/537.36"
71.244.223.114 - - [07/Feb/2019:10:09:20 -0600] "GET /img/custom/nav/side-banner-web.jpg HTTP/1.1" 200 9789 "https://heritagetitlemd.com/css/custom/custom.css" "Mozilla/5.0 (Windows NT 10.0; Win64; x64) AppleWebKit/537.36 (KHTML, like Gecko) Chrome/72.0.3626.96 Safari/537.36"
71.244.223.114 - - [07/Feb/2019:10:09:20 -0600] "GET /img/custom/page-index/surprised1-web.jpg HTTP/1.1" 200 12366 "https://heritagetitlemd.com/" "Mozilla/5.0 (Windows NT 10.0; Win64; x64) AppleWebKit/537.36 (KHTML, like Gecko) Chrome/72.0.3626.96 Safari/537.36"
71.244.223.114 - - [07/Feb/2019:10:09:20 -0600] "GET /img//svg/arrow_left.svg HTTP/1.1" 200 598 "https://heritagetitlemd.com/css/mdb.css" "Mozilla/5.0 (Windows NT 10.0; Win64; x64) AppleWebKit/537.36 (KHTML, like Gecko) Chrome/72.0.3626.96 Safari/537.36"
71.244.223.114 - - [07/Feb/2019:10:09:20 -0600] "GET /img//svg/arrow_right.svg HTTP/1.1" 200 597 "https://heritagetitlemd.com/css/mdb.css" "Mozilla/5.0 (Windows NT 10.0; Win64; x64) AppleWebKit/537.36 (KHTML, like Gecko) Chrome/72.0.3626.96 Safari/537.36"
71.244.223.114 - - [07/Feb/2019:10:09:20 -0600] "GET /font/roboto/Roboto-Light.woff2 HTTP/1.1" 200 50008 "https://heritagetitlemd.com/css/mdb.css" "Mozilla/5.0 (Windows NT 10.0; Win64; x64) AppleWebKit/537.36 (KHTML, like Gecko) Chrome/72.0.3626.96 Safari/537.36"
71.244.223.114 - - [07/Feb/2019:10:09:20 -0600] "GET /font/roboto/Roboto-Regular.woff2 HTTP/1.1" 200 49707 "https://heritagetitlemd.com/css/mdb.css" "Mozilla/5.0 (Windows NT 10.0; Win64; x64) AppleWebKit/537.36 (KHTML, like Gecko) Chrome/72.0.3626.96 Safari/537.36"
71.244.223.114 - - [07/Feb/2019:10:09:20 -0600] "GET /font/roboto/Roboto-Bold.woff2 HTTP/1.1" 200 50447 "https://heritagetitlemd.com/css/mdb.css" "Mozilla/5.0 (Windows NT 10.0; Win64; x64) AppleWebKit/537.36 (KHTML, like Gecko) Chrome/72.0.3626.96 Safari/537.36"
71.244.223.114 - - [07/Feb/2019:10:09:20 -0600] "GET /font/roboto/Roboto-Medium.woff2 HTTP/1.1" 200 50695 "https://heritagetitlemd.com/css/mdb.css" "Mozilla/5.0 (Windows NT 10.0; Win64; x64) AppleWebKit/537.36 (KHTML, like Gecko) Chrome/72.0.3626.96 Safari/537.36"
71.244.223.114 - - [07/Feb/2019:10:09:20 -0600] "GET /img/favicon.png HTTP/1.1" 200 11747 "https://heritagetitlemd.com/" "Mozilla/5.0 (Windows NT 10.0; Win64; x64) AppleWebKit/537.36 (KHTML, like Gecko) Chrome/72.0.3626.96 Safari/537.36"
71.244.223.114 - - [07/Feb/2019:10:09:32 -0600] "GET /contact-us.html HTTP/1.1" 200 4049 "https://heritagetitlemd.com/" "Mozilla/5.0 (Windows NT 10.0; Win64; x64) AppleWebKit/537.36 (KHTML, like Gecko) Chrome/72.0.3626.96 Safari/537.36"
71.244.223.114 - - [07/Feb/2019:10:09:47 -0600] "GET /locations.html HTTP/1.1" 200 4633 "https://heritagetitlemd.com/contact-us.html" "Mozilla/5.0 (Windows NT 10.0; Win64; x64) AppleWebKit/537.36 (KHTML, like Gecko) Chrome/72.0.3626.96 Safari/537.36"
71.244.223.114 - - [07/Feb/2019:10:09:48 -0600] "GET /img/custom/page-intro/house-web.jpg HTTP/1.1" 200 87706 "https://heritagetitlemd.com/locations.html" "Mozilla/5.0 (Windows NT 10.0; Win64; x64) AppleWebKit/537.36 (KHTML, like Gecko) Chrome/72.0.3626.96 Safari/537.36"
71.244.223.114 - - [07/Feb/2019:10:09:52 -0600] "GET /our-team.html HTTP/1.1" 200 4339 "https://heritagetitlemd.com/locations.html" "Mozilla/5.0 (Windows NT 10.0; Win64; x64) AppleWebKit/537.36 (KHTML, like Gecko) Chrome/72.0.3626.96 Safari/537.36"
71.244.223.114 - - [07/Feb/2019:10:09:52 -0600] "GET /img/custom/page-intro/staff-web.jpg HTTP/1.1" 200 53460 "https://heritagetitlemd.com/our-team.html" "Mozilla/5.0 (Windows NT 10.0; Win64; x64) AppleWebKit/537.36 (KHTML, like Gecko) Chrome/72.0.3626.96 Safari/537.36"
71.244.223.114 - - [07/Feb/2019:10:09:52 -0600] "GET /img/custom/page-our-team/molly-web.jpg HTTP/1.1" 200 67779 "https://heritagetitlemd.com/our-team.html" "Mozilla/5.0 (Windows NT 10.0; Win64; x64) AppleWebKit/537.36 (KHTML, like Gecko) Chrome/72.0.3626.96 Safari/537.36"
71.244.223.114 - - [07/Feb/2019:10:09:52 -0600] "GET /img/custom/page-our-team/princess-web.jpg HTTP/1.1" 200 46217 "https://heritagetitlemd.com/our-team.html" "Mozilla/5.0 (Windows NT 10.0; Win64; x64) AppleWebKit/537.36 (KHTML, like Gecko) Chrome/72.0.3626.96 Safari/537.36"
71.244.223.114 - - [07/Feb/2019:10:09:52 -0600] "GET /img/custom/page-our-team/krystyn-web.jpg HTTP/1.1" 200 53949 "https://heritagetitlemd.com/our-team.html" "Mozilla/5.0 (Windows NT 10.0; Win64; x64) AppleWebKit/537.36 (KHTML, like Gecko) Chrome/72.0.3626.96 Safari/537.36"
71.244.223.114 - - [07/Feb/2019:10:09:52 -0600] "GET /img/custom/page-our-team/no-image.png HTTP/1.1" 200 3078 "https://heritagetitlemd.com/our-team.html" "Mozilla/5.0 (Windows NT 10.0; Win64; x64) AppleWebKit/537.36 (KHTML, like Gecko) Chrome/72.0.3626.96 Safari/537.36"
64.141.187.4 - - [07/Feb/2019:10:09:53 -0600] "POST /autodiscover/autodiscover.xml HTTP/1.1" 404 6591 "-" "Microsoft Office/16.0 (Windows NT 6.2; Microsoft Outlook 16.0.4738; Pro)"
64.141.187.4 - - [07/Feb/2019:10:09:58 -0600] "POST /autodiscover/autodiscover.xml HTTP/1.1" 404 677 "-" "Microsoft Office/16.0 (Windows NT 6.2; Microsoft Outlook 16.0.4738; Pro)"
64.141.187.4 - - [07/Feb/2019:10:10:08 -0600] "POST /autodiscover/autodiscover.xml HTTP/1.1" 404 842 "-" "Microsoft Office/16.0 (Windows NT 6.2; Microsoft Outlook 16.0.4738; Pro)"
64.141.187.4 - - [07/Feb/2019:10:10:17 -0600] "POST /autodiscover/autodiscover.xml HTTP/1.1" 404 842 "-" "Microsoft Office/16.0 (Windows NT 6.2; Microsoft Outlook 16.0.4738; Pro)"
64.141.187.4 - - [07/Feb/2019:10:10:27 -0600] "POST /autodiscover/autodiscover.xml HTTP/1.1" 404 842 "-" "Microsoft Office/16.0 (Windows NT 6.2; Microsoft Outlook 16.0.4738; Pro)"
64.141.187.4 - - [07/Feb/2019:10:10:36 -0600] "POST /autodiscover/autodiscover.xml HTTP/1.1" 404 842 "-" "Microsoft Office/16.0 (Windows NT 6.2; Microsoft Outlook 16.0.4738; Pro)"
64.141.187.4 - - [07/Feb/2019:10:10:46 -0600] "POST /autodiscover/autodiscover.xml HTTP/1.1" 404 842 "-" "Microsoft Office/16.0 (Windows NT 6.2; Microsoft Outlook 16.0.4738; Pro)"
64.141.187.4 - - [07/Feb/2019:10:10:54 -0600] "POST /autodiscover/autodiscover.xml HTTP/1.1" 404 842 "-" "Microsoft Office/16.0 (Windows NT 6.2; Microsoft Outlook 16.0.4738; Pro)"
71.121.147.194 - - [07/Feb/2019:10:11:02 -0600] "POST /autodiscover/autodiscover.xml HTTP/1.1" 404 6448 "-" "Microsoft Office/16.0 (Windows NT 10.0; Microsoft Outlook 16.0.11231; Pro)"
64.141.187.4 - - [07/Feb/2019:10:11:02 -0600] "POST /autodiscover/autodiscover.xml HTTP/1.1" 404 842 "-" "Microsoft Office/16.0 (Windows NT 6.2; Microsoft Outlook 16.0.4738; Pro)"
64.141.187.4 - - [07/Feb/2019:10:11:09 -0600] "POST /autodiscover/autodiscover.xml HTTP/1.1" 404 842 "-" "Microsoft Office/16.0 (Windows NT 6.2; Microsoft Outlook 16.0.4738; Pro)"
71.121.147.194 - - [07/Feb/2019:10:11:13 -0600] "POST /autodiscover/autodiscover.xml HTTP/1.1" 404 732 "-" "Microsoft Office/16.0 (Windows NT 10.0; Microsoft Outlook 16.0.11231; Pro)"
71.121.147.194 - - [07/Feb/2019:10:11:13 -0600] "POST /autodiscover/autodiscover.xml HTTP/1.1" 404 622 "-" "Microsoft Office/16.0 (Windows NT 10.0; Microsoft Outlook 16.0.11231; Pro)"
64.141.187.4 - - [07/Feb/2019:10:11:17 -0600] "POST /autodiscover/autodiscover.xml HTTP/1.1" 404 842 "-" "Microsoft Office/16.0 (Windows NT 6.2; Microsoft Outlook 16.0.4738; Pro)"
64.141.187.4 - - [07/Feb/2019:10:11:24 -0600] "POST /autodiscover/autodiscover.xml HTTP/1.1" 404 842 "-" "Microsoft Office/16.0 (Windows NT 6.2; Microsoft Outlook 16.0.4738; Pro)"
71.244.223.114 - - [07/Feb/2019:10:11:24 -0600] "POST /ajax/contact-us/send-message.php HTTP/1.1" 200 562 "https://heritagetitlemd.com/our-team.html" "Mozilla/5.0 (Windows NT 10.0; Win64; x64) AppleWebKit/537.36 (KHTML, like Gecko) Chrome/72.0.3626.96 Safari/537.36"
64.141.187.4 - - [07/Feb/2019:10:11:32 -0600] "POST /autodiscover/autodiscover.xml HTTP/1.1" 404 842 "-" "Microsoft Office/16.0 (Windows NT 6.2; Microsoft Outlook 16.0.4738; Pro)"
64.141.187.4 - - [07/Feb/2019:10:11:39 -0600] "POST /autodiscover/autodiscover.xml HTTP/1.1" 404 842 "-" "Microsoft Office/16.0 (Windows NT 6.2; Microsoft Outlook 16.0.4738; Pro)"
64.141.187.4 - - [07/Feb/2019:10:11:48 -0600] "POST /autodiscover/autodiscover.xml HTTP/1.1" 404 842 "-" "Microsoft Office/16.0 (Windows NT 6.2; Microsoft Outlook 16.0.4738; Pro)"
64.141.187.4 - - [07/Feb/2019:10:11:54 -0600] "POST /autodiscover/autodiscover.xml HTTP/1.1" 404 842 "-" "Microsoft Office/16.0 (Windows NT 6.2; Microsoft Outlook 16.0.4738; Pro)"
64.141.187.4 - - [07/Feb/2019:10:12:02 -0600] "POST /autodiscover/autodiscover.xml HTTP/1.1" 404 842 "-" "Microsoft Office/16.0 (Windows NT 6.2; Microsoft Outlook 16.0.4738; Pro)"
64.141.187.4 - - [07/Feb/2019:10:12:09 -0600] "POST /autodiscover/autodiscover.xml HTTP/1.1" 404 842 "-" "Microsoft Office/16.0 (Windows NT 6.2; Microsoft Outlook 16.0.4738; Pro)"
64.141.187.4 - - [07/Feb/2019:10:12:17 -0600] "POST /autodiscover/autodiscover.xml HTTP/1.1" 404 842 "-" "Microsoft Office/16.0 (Windows NT 6.2; Microsoft Outlook 16.0.4738; Pro)"
64.141.187.4 - - [07/Feb/2019:10:12:24 -0600] "POST /autodiscover/autodiscover.xml HTTP/1.1" 404 842 "-" "Microsoft Office/16.0 (Windows NT 6.2; Microsoft Outlook 16.0.4738; Pro)"
64.141.187.4 - - [07/Feb/2019:10:12:32 -0600] "POST /autodiscover/autodiscover.xml HTTP/1.1" 404 842 "-" "Microsoft Office/16.0 (Windows NT 6.2; Microsoft Outlook 16.0.4738; Pro)"
64.141.187.4 - - [07/Feb/2019:10:12:39 -0600] "POST /autodiscover/autodiscover.xml HTTP/1.1" 404 842 "-" "Microsoft Office/16.0 (Windows NT 6.2; Microsoft Outlook 16.0.4738; Pro)"
71.121.147.194 - - [07/Feb/2019:10:12:47 -0600] "POST /autodiscover/autodiscover.xml HTTP/1.1" 404 732 "-" "Microsoft Office/16.0 (Windows NT 10.0; Microsoft Outlook 16.0.11231; Pro)"
64.141.187.4 - - [07/Feb/2019:10:12:48 -0600] "POST /autodiscover/autodiscover.xml HTTP/1.1" 404 842 "-" "Microsoft Office/16.0 (Windows NT 6.2; Microsoft Outlook 16.0.4738; Pro)"
64.141.187.4 - - [07/Feb/2019:10:12:55 -0600] "POST /autodiscover/autodiscover.xml HTTP/1.1" 404 842 "-" "Microsoft Office/16.0 (Windows NT 6.2; Microsoft Outlook 16.0.4738; Pro)"
64.141.187.4 - - [07/Feb/2019:10:13:03 -0600] "POST /autodiscover/autodiscover.xml HTTP/1.1" 404 842 "-" "Microsoft Office/16.0 (Windows NT 6.2; Microsoft Outlook 16.0.4738; Pro)"
64.141.187.4 - - [07/Feb/2019:10:13:10 -0600] "POST /autodiscover/autodiscover.xml HTTP/1.1" 404 842 "-" "Microsoft Office/16.0 (Windows NT 6.2; Microsoft Outlook 16.0.4738; Pro)"
71.121.147.194 - - [07/Feb/2019:10:13:16 -0600] "POST /autodiscover/autodiscover.xml HTTP/1.1" 404 732 "-" "Microsoft Office/16.0 (Windows NT 10.0; Microsoft Outlook 16.0.11231; Pro)"
64.141.187.4 - - [07/Feb/2019:10:13:18 -0600] "POST /autodiscover/autodiscover.xml HTTP/1.1" 404 842 "-" "Microsoft Office/16.0 (Windows NT 6.2; Microsoft Outlook 16.0.4738; Pro)"
64.141.187.4 - - [07/Feb/2019:10:13:26 -0600] "POST /autodiscover/autodiscover.xml HTTP/1.1" 404 842 "-" "Microsoft Office/16.0 (Windows NT 6.2; Microsoft Outlook 16.0.4738; Pro)"
64.141.187.4 - - [07/Feb/2019:10:13:36 -0600] "POST /autodiscover/autodiscover.xml HTTP/1.1" 404 842 "-" "Microsoft Office/16.0 (Windows NT 6.2; Microsoft Outlook 16.0.4738; Pro)"
64.141.187.4 - - [07/Feb/2019:10:13:45 -0600] "POST /autodiscover/autodiscover.xml HTTP/1.1" 404 842 "-" "Microsoft Office/16.0 (Windows NT 6.2; Microsoft Outlook 16.0.4738; Pro)"
18.223.117.68 - - [07/Feb/2019:10:13:54 -0600] "GET / HTTP/1.1" 200 11597 "-" "Mozilla/5.0 (Windows NT 6.1; Win64; x64; rv:47.0) Gecko/20100101 Chrome/51.0.2704.106 Safari/537.36 OPR/38.0.2220.41"
64.141.187.4 - - [07/Feb/2019:10:13:55 -0600] "POST /autodiscover/autodiscover.xml HTTP/1.1" 404 842 "-" "Microsoft Office/16.0 (Windows NT 6.2; Microsoft Outlook 16.0.4738; Pro)"
64.141.187.4 - - [07/Feb/2019:10:14:04 -0600] "POST /autodiscover/autodiscover.xml HTTP/1.1" 404 842 "-" "Microsoft Office/16.0 (Windows NT 6.2; Microsoft Outlook 16.0.4738; Pro)"
64.141.187.4 - - [07/Feb/2019:10:14:14 -0600] "POST /autodiscover/autodiscover.xml HTTP/1.1" 404 842 "-" "Microsoft Office/16.0 (Windows NT 6.2; Microsoft Outlook 16.0.4738; Pro)"
64.141.187.4 - - [07/Feb/2019:10:14:24 -0600] "POST /autodiscover/autodiscover.xml HTTP/1.1" 404 842 "-" "Microsoft Office/16.0 (Windows NT 6.2; Microsoft Outlook 16.0.4738; Pro)"
64.141.187.4 - - [07/Feb/2019:10:14:34 -0600] "POST /autodiscover/autodiscover.xml HTTP/1.1" 404 842 "-" "Microsoft Office/16.0 (Windows NT 6.2; Microsoft Outlook 16.0.4738; Pro)"
64.141.187.4 - - [07/Feb/2019:10:14:43 -0600] "POST /autodiscover/autodiscover.xml HTTP/1.1" 404 842 "-" "Microsoft Office/16.0 (Windows NT 6.2; Microsoft Outlook 16.0.4738; Pro)"
64.141.187.4 - - [07/Feb/2019:10:14:54 -0600] "POST /autodiscover/autodiscover.xml HTTP/1.1" 404 842 "-" "Microsoft Office/16.0 (Windows NT 6.2; Microsoft Outlook 16.0.4738; Pro)"
64.141.187.4 - - [07/Feb/2019:10:15:03 -0600] "POST /autodiscover/autodiscover.xml HTTP/1.1" 404 6591 "-" "Microsoft Office/16.0 (Windows NT 6.2; Microsoft Outlook 16.0.4738; Pro)"
64.141.187.4 - - [07/Feb/2019:10:15:14 -0600] "POST /autodiscover/autodiscover.xml HTTP/1.1" 404 842 "-" "Microsoft Office/16.0 (Windows NT 6.2; Microsoft Outlook 16.0.4738; Pro)"
64.141.187.4 - - [07/Feb/2019:10:15:24 -0600] "POST /autodiscover/autodiscover.xml HTTP/1.1" 404 842 "-" "Microsoft Office/16.0 (Windows NT 6.2; Microsoft Outlook 16.0.4738; Pro)"
71.121.147.194 - - [07/Feb/2019:10:15:30 -0600] "POST /autodiscover/autodiscover.xml HTTP/1.1" 404 732 "-" "Microsoft Office/16.0 (Windows NT 10.0; Microsoft Outlook 16.0.11231; Pro)"
71.121.147.194 - - [07/Feb/2019:10:16:34 -0600] "POST /autodiscover/autodiscover.xml HTTP/1.1" 404 6448 "-" "Microsoft Office/16.0 (Windows NT 10.0; Microsoft Outlook 16.0.11231; Pro)"
71.121.147.194 - - [07/Feb/2019:10:16:34 -0600] "POST /autodiscover/autodiscover.xml HTTP/1.1" 404 6448 "-" "Microsoft Office/16.0 (Windows NT 10.0; Microsoft Outlook 16.0.11231; Pro)"
71.121.147.194 - - [07/Feb/2019:10:17:44 -0600] "POST /autodiscover/autodiscover.xml HTTP/1.1" 404 732 "-" "Microsoft Office/16.0 (Windows NT 10.0; Microsoft Outlook 16.0.11231; Pro)"
71.121.147.194 - - [07/Feb/2019:10:18:06 -0600] "POST /autodiscover/autodiscover.xml HTTP/1.1" 404 732 "-" "Microsoft Office/16.0 (Windows NT 10.0; Microsoft Outlook 16.0.11231; Pro)"
71.121.147.194 - - [07/Feb/2019:10:19:58 -0600] "POST /autodiscover/autodiscover.xml HTTP/1.1" 404 732 "-" "Microsoft Office/16.0 (Windows NT 10.0; Microsoft Outlook 16.0.11231; Pro)"
71.121.147.194 - - [07/Feb/2019:10:21:55 -0600] "POST /autodiscover/autodiscover.xml HTTP/1.1" 404 6448 "-" "Microsoft Office/16.0 (Windows NT 10.0; Microsoft Outlook 16.0.11231; Pro)"
71.121.147.194 - - [07/Feb/2019:10:21:55 -0600] "POST /autodiscover/autodiscover.xml HTTP/1.1" 404 6448 "-" "Microsoft Office/16.0 (Windows NT 10.0; Microsoft Outlook 16.0.11231; Pro)"
71.121.147.194 - - [07/Feb/2019:10:22:12 -0600] "POST /autodiscover/autodiscover.xml HTTP/1.1" 404 732 "-" "Microsoft Office/16.0 (Windows NT 10.0; Microsoft Outlook 16.0.11231; Pro)"
71.121.147.194 - - [07/Feb/2019:10:23:38 -0600] "POST /autodiscover/autodiscover.xml HTTP/1.1" 404 732 "-" "Microsoft Office/16.0 (Windows NT 10.0; Microsoft Outlook 16.0.11231; Pro)"
71.121.147.194 - - [07/Feb/2019:10:24:26 -0600] "POST /autodiscover/autodiscover.xml HTTP/1.1" 404 732 "-" "Microsoft Office/16.0 (Windows NT 10.0; Microsoft Outlook 16.0.11231; Pro)"
71.121.147.194 - - [07/Feb/2019:10:26:40 -0600] "POST /autodiscover/autodiscover.xml HTTP/1.1" 404 732 "-" "Microsoft Office/16.0 (Windows NT 10.0; Microsoft Outlook 16.0.11231; Pro)"
71.121.147.194 - - [07/Feb/2019:10:27:17 -0600] "POST /autodiscover/autodiscover.xml HTTP/1.1" 404 6448 "-" "Microsoft Office/16.0 (Windows NT 10.0; Microsoft Outlook 16.0.11231; Pro)"
71.121.147.194 - - [07/Feb/2019:10:27:19 -0600] "POST /autodiscover/autodiscover.xml HTTP/1.1" 404 622 "-" "Microsoft Office/16.0 (Windows NT 10.0; Microsoft Outlook 16.0.11231; Pro)"
71.121.147.194 - - [07/Feb/2019:10:28:54 -0600] "POST /autodiscover/autodiscover.xml HTTP/1.1" 404 732 "-" "Microsoft Office/16.0 (Windows NT 10.0; Microsoft Outlook 16.0.11231; Pro)"
71.121.147.194 - - [07/Feb/2019:10:29:01 -0600] "POST /autodiscover/autodiscover.xml HTTP/1.1" 404 732 "-" "Microsoft Office/16.0 (Windows NT 10.0; Microsoft Outlook 16.0.11231; Pro)"
71.121.147.194 - - [07/Feb/2019:10:31:20 -0600] "POST /autodiscover/autodiscover.xml HTTP/1.1" 404 732 "-" "Microsoft Office/16.0 (Windows NT 10.0; Microsoft Outlook 16.0.11231; Pro)"
71.121.147.194 - - [07/Feb/2019:10:32:41 -0600] "POST /autodiscover/autodiscover.xml HTTP/1.1" 404 6448 "-" "Microsoft Office/16.0 (Windows NT 10.0; Microsoft Outlook 16.0.11231; Pro)"
71.121.147.194 - - [07/Feb/2019:10:32:41 -0600] "POST /autodiscover/autodiscover.xml HTTP/1.1" 404 732 "-" "Microsoft Office/16.0 (Windows NT 10.0; Microsoft Outlook 16.0.11231; Pro)"
71.121.147.194 - - [07/Feb/2019:10:33:34 -0600] "POST /autodiscover/autodiscover.xml HTTP/1.1" 404 732 "-" "Microsoft Office/16.0 (Windows NT 10.0; Microsoft Outlook 16.0.11231; Pro)"
70.168.133.131 - - [07/Feb/2019:10:34:04 -0600] "GET / HTTP/1.1" 200 11612 "https://www.google.com/" "Mozilla/5.0 (Windows NT 10.0; Win64; x64) AppleWebKit/537.36 (KHTML, like Gecko) Chrome/71.0.3578.98 Safari/537.36"
70.168.133.131 - - [07/Feb/2019:10:34:04 -0600] "GET /css/bootstrap.min.css HTTP/1.1" 200 20036 "https://heritagetitlemd.com/" "Mozilla/5.0 (Windows NT 10.0; Win64; x64) AppleWebKit/537.36 (KHTML, like Gecko) Chrome/71.0.3578.98 Safari/537.36"
70.168.133.131 - - [07/Feb/2019:10:34:09 -0600] "GET /locations.html HTTP/1.1" 200 4476 "https://www.google.com/" "Mozilla/5.0 (Windows NT 10.0; Win64; x64) AppleWebKit/537.36 (KHTML, like Gecko) Chrome/71.0.3578.98 Safari/537.36"
70.168.133.131 - - [07/Feb/2019:10:34:09 -0600] "GET /css/custom/custom.css HTTP/1.1" 200 8868 "https://heritagetitlemd.com/locations.html" "Mozilla/5.0 (Windows NT 10.0; Win64; x64) AppleWebKit/537.36 (KHTML, like Gecko) Chrome/71.0.3578.98 Safari/537.36"
70.168.133.131 - - [07/Feb/2019:10:34:09 -0600] "GET /css/mdb.css HTTP/1.1" 200 62059 "https://heritagetitlemd.com/locations.html" "Mozilla/5.0 (Windows NT 10.0; Win64; x64) AppleWebKit/537.36 (KHTML, like Gecko) Chrome/71.0.3578.98 Safari/537.36"
70.168.133.131 - - [07/Feb/2019:10:34:09 -0600] "GET /img/custom/nav/logo-web.png HTTP/1.1" 200 10322 "https://heritagetitlemd.com/locations.html" "Mozilla/5.0 (Windows NT 10.0; Win64; x64) AppleWebKit/537.36 (KHTML, like Gecko) Chrome/71.0.3578.98 Safari/537.36"
70.168.133.131 - - [07/Feb/2019:10:34:09 -0600] "GET /js/jquery-3.2.1.min.js HTTP/1.1" 200 30729 "https://heritagetitlemd.com/locations.html" "Mozilla/5.0 (Windows NT 10.0; Win64; x64) AppleWebKit/537.36 (KHTML, like Gecko) Chrome/71.0.3578.98 Safari/537.36"
70.168.133.131 - - [07/Feb/2019:10:34:09 -0600] "GET /js/popper.min.js HTTP/1.1" 200 7247 "https://heritagetitlemd.com/locations.html" "Mozilla/5.0 (Windows NT 10.0; Win64; x64) AppleWebKit/537.36 (KHTML, like Gecko) Chrome/71.0.3578.98 Safari/537.36"
70.168.133.131 - - [07/Feb/2019:10:34:09 -0600] "GET /js/bootstrap.min.js HTTP/1.1" 200 13617 "https://heritagetitlemd.com/locations.html" "Mozilla/5.0 (Windows NT 10.0; Win64; x64) AppleWebKit/537.36 (KHTML, like Gecko) Chrome/71.0.3578.98 Safari/537.36"
70.168.133.131 - - [07/Feb/2019:10:34:09 -0600] "GET /js/mdb.min.js HTTP/1.1" 200 117553 "https://heritagetitlemd.com/locations.html" "Mozilla/5.0 (Windows NT 10.0; Win64; x64) AppleWebKit/537.36 (KHTML, like Gecko) Chrome/71.0.3578.98 Safari/537.36"
70.168.133.131 - - [07/Feb/2019:10:34:10 -0600] "GET /font/roboto/Roboto-Light.woff2 HTTP/1.1" 200 49851 "https://heritagetitlemd.com/css/mdb.css" "Mozilla/5.0 (Windows NT 10.0; Win64; x64) AppleWebKit/537.36 (KHTML, like Gecko) Chrome/71.0.3578.98 Safari/537.36"
70.168.133.131 - - [07/Feb/2019:10:34:10 -0600] "GET /js/custom/custom.js HTTP/1.1" 200 2536 "https://heritagetitlemd.com/locations.html" "Mozilla/5.0 (Windows NT 10.0; Win64; x64) AppleWebKit/537.36 (KHTML, like Gecko) Chrome/71.0.3578.98 Safari/537.36"
70.168.133.131 - - [07/Feb/2019:10:34:10 -0600] "GET /font/roboto/Roboto-Regular.woff2 HTTP/1.1" 200 49864 "https://heritagetitlemd.com/css/mdb.css" "Mozilla/5.0 (Windows NT 10.0; Win64; x64) AppleWebKit/537.36 (KHTML, like Gecko) Chrome/71.0.3578.98 Safari/537.36"
70.168.133.131 - - [07/Feb/2019:10:34:10 -0600] "GET /font/roboto/Roboto-Bold.woff2 HTTP/1.1" 200 50604 "https://heritagetitlemd.com/css/mdb.css" "Mozilla/5.0 (Windows NT 10.0; Win64; x64) AppleWebKit/537.36 (KHTML, like Gecko) Chrome/71.0.3578.98 Safari/537.36"
70.168.133.131 - - [07/Feb/2019:10:34:10 -0600] "GET /font/roboto/Roboto-Medium.woff2 HTTP/1.1" 200 50695 "https://heritagetitlemd.com/css/mdb.css" "Mozilla/5.0 (Windows NT 10.0; Win64; x64) AppleWebKit/537.36 (KHTML, like Gecko) Chrome/71.0.3578.98 Safari/537.36"
70.168.133.131 - - [07/Feb/2019:10:34:10 -0600] "GET /img/custom/page-intro/house-web.jpg HTTP/1.1" 200 87706 "https://heritagetitlemd.com/locations.html" "Mozilla/5.0 (Windows NT 10.0; Win64; x64) AppleWebKit/537.36 (KHTML, like Gecko) Chrome/71.0.3578.98 Safari/537.36"
70.168.133.131 - - [07/Feb/2019:10:34:10 -0600] "GET /img/custom/nav/side-banner-web.jpg HTTP/1.1" 200 9946 "https://heritagetitlemd.com/css/custom/custom.css" "Mozilla/5.0 (Windows NT 10.0; Win64; x64) AppleWebKit/537.36 (KHTML, like Gecko) Chrome/71.0.3578.98 Safari/537.36"
70.168.133.131 - - [07/Feb/2019:10:34:15 -0600] "GET /img/favicon.png HTTP/1.1" 200 11904 "https://heritagetitlemd.com/locations.html" "Mozilla/5.0 (Windows NT 10.0; Win64; x64) AppleWebKit/537.36 (KHTML, like Gecko) Chrome/71.0.3578.98 Safari/537.36"
71.121.147.194 - - [07/Feb/2019:10:34:21 -0600] "POST /autodiscover/autodiscover.xml HTTP/1.1" 404 732 "-" "Microsoft Office/16.0 (Windows NT 10.0; Microsoft Outlook 16.0.11231; Pro)"
71.121.147.194 - - [07/Feb/2019:10:35:47 -0600] "POST /autodiscover/autodiscover.xml HTTP/1.1" 404 732 "-" "Microsoft Office/16.0 (Windows NT 10.0; Microsoft Outlook 16.0.11231; Pro)"
71.121.147.194 - - [07/Feb/2019:10:38:04 -0600] "POST /autodiscover/autodiscover.xml HTTP/1.1" 404 6448 "-" "Microsoft Office/16.0 (Windows NT 10.0; Microsoft Outlook 16.0.11231; Pro)"
71.121.147.194 - - [07/Feb/2019:10:38:06 -0600] "POST /autodiscover/autodiscover.xml HTTP/1.1" 404 622 "-" "Microsoft Office/16.0 (Windows NT 10.0; Microsoft Outlook 16.0.11231; Pro)"
71.121.147.194 - - [07/Feb/2019:10:38:08 -0600] "POST /autodiscover/autodiscover.xml HTTP/1.1" 404 622 "-" "Microsoft Office/16.0 (Windows NT 10.0; Microsoft Outlook 16.0.11231; Pro)"
71.121.147.194 - - [07/Feb/2019:10:39:39 -0600] "POST /autodiscover/autodiscover.xml HTTP/1.1" 404 732 "-" "Microsoft Office/16.0 (Windows NT 10.0; Microsoft Outlook 16.0.11231; Pro)"
71.121.147.194 - - [07/Feb/2019:10:40:18 -0600] "POST /autodiscover/autodiscover.xml HTTP/1.1" 404 732 "-" "Microsoft Office/16.0 (Windows NT 10.0; Microsoft Outlook 16.0.11231; Pro)"
